[36m›[0m Android SDK · API 36
[36m›[0m Flutter: Flutter 3.47.6 • channel stable • https://github.com/flutter/flutter.git
[36m›[0m Flutter 依赖
[36m›[0m 增量构建 · 保留有效缓存
   Woah! You appear to be trying to run flutter as root.
   We strongly recommend running the flutter tool without superuser privileges.
  /
📎
Resolving dependencies...
Downloading packages...
  cached_network_image 3.4.1 (4.0.4 available)
  cached_network_image_platform_interface 4.1.1 (5.0.3 available)
  cached_network_image_web 1.3.1 (2.0.3 available)
  cross_file 0.3.5+5 (0.4.0 available)
  file_picker 8.3.7 (13.1.0 available)
  flutter_lints 5.0.0 (6.0.0 available)
  lints 5.1.1 (6.1.0 available)
  material_color_utilities 0.13.0 (0.13.1 available)
  qr 3.0.2 (4.0.0 available)
  test_api 0.7.12 (0.7.14 available)
  win32 5.15.0 (6.4.0 available)
Got dependencies!
11 packages have newer versions incompatible with dependency constraints.
Try `flutter pub outdated` for more information.
Running Gradle task 'assembleRelease'...                        
Warning: Flutter support for your project's Gradle version (8.14.3) will soon be dropped. Please upgrade your Gradle version to a version of at least 9.1.0 soon.
Alternatively, use the flag "--android-skip-build-dependency-validation" to bypass this check.

Potential fix: Your project's gradle version is typically defined in the gradle wrapper file. By default, this can be found at /opt/remote-build/Mtforum-04ba716edb/android/gradle/wrapper/gradle-wrapper.properties. 
For more information, see https://docs.gradle.org/current/userguide/gradle_wrapper.html.

Warning: Flutter support for your project's Android Gradle Plugin version (Android Gradle Plugin version 8.11.1) will soon be dropped. Please upgrade your Android Gradle Plugin version to a version of at least Android Gradle Plugin version 9.0.1 soon.
Alternatively, use the flag "--android-skip-build-dependency-validation" to bypass this check.

Potential fix: Your project's AGP version is typically defined in the plugins block of the `settings.gradle` file (/opt/remote-build/Mtforum-04ba716edb/android/settings.gradle), by a plugin with the id of com.android.application. 
If you don't see a plugins block, your project was likely created with an older template version. In this case it is most likely defined in the top-level build.gradle file (/opt/remote-build/Mtforum-04ba716edb/android/build.gradle) by the following line in the dependencies block of the buildscript: "classpath 'com.android.tools.build:gradle:<version>'".

Warning: Flutter support for your project's Kotlin version (2.2.20) will soon be dropped. Please upgrade your Kotlin version to a version of at least 2.3.20 soon.
Alternatively, use the flag "--android-skip-build-dependency-validation" to bypass this check.

Potential fix: Your project's KGP version is typically defined in the plugins block of the `settings.gradle` file (/opt/remote-build/Mtforum-04ba716edb/android/settings.gradle), by a plugin with the id of org.jetbrains.kotlin.android. 
If you don't see a plugins block, your project was likely created with an older template version, in which case it is most likely defined in the top-level build.gradle file (/opt/remote-build/Mtforum-04ba716edb/android/build.gradle) by the ext.kotlin_version property.

   Woah! You appear to be trying to run flutter as root.
   We strongly recommend running the flutter tool without superuser privileges.
  /
📎
Font asset "MaterialIcons-Regular.otf" was tree-shaken, reducing it from 1645184 to 29984 bytes (98.2% reduction). Tree-shaking can be disabled by providing the --no-tree-shake-icons flag when building your app.
client_loop: send disconnect: Broken pipe
